[34m🚀 Démarrage de Webserv...[0m
[33m📖 Lecture du fichier de configuration: configs/io_error_test.conf[0m
[33m📋 Parsing configuration file: configs/io_error_test.conf[0m
[33m  📋 Parsing server block...[0m
[32m    ✓ Port: 8082[0m
[32m    ✓ Server name: localhost[0m
[33m    ⚠️  Unknown directive: host[0m
[32m    ✓ Root: ./www[0m
[32m    ✓ Index: index.html[0m
[32m    ✓ Max body size: 1000000 bytes[0m
[32m    ✓ Error page 404: /404.html[0m
[36m    📍 Parsing location block: /[0m
[33m      ⚠️  Unknown location directive: allow_methods[0m
[36m      ✓ Autoindex: OFF[0m
[36m    ✅ Location / added to localhost[0m
[36m    📍 Parsing location block: /cgi-bin[0m
[33m      ⚠️  Unknown location directive: allow_methods[0m
[36m      ✓ CGI extensions: .sh, .py[0m
[36m      ✓ CGI path: /usr/bin/python3[0m
[36m    ✅ Location /cgi-bin added to localhost[0m
[36m    📍 Parsing location block: /upload[0m
[33m      ⚠️  Unknown location directive: allow_methods[0m
[36m      ✓ Upload path: ./uploads[0m
[36m    ✅ Location /upload added to localhost[0m
[32m  ✅ Server configuration added[0m
[32m✅ Configuration parsed successfully. Found 1 server(s)[0m
[36m
=== 📋 Configuration Debug ===[0m
[32m
🖥️  Server 1:[0m
  📍 Host: 127.0.0.1
  🔌 Port: 8082
  🏷️  Server name: localhost
  📁 Root: ./www
  📄 Index: index.html
  📏 Max body size: 1000000 bytes
  🚨 Error pages:
    404 -> /404.html
[34m  📍 Locations:[0m
[34m    🗂️  /:[0m
      Autoindex: OFF
[34m    🗂️  /cgi-bin:[0m
      CGI extensions: .sh, .py
      CGI path: /usr/bin/python3
      Autoindex: OFF
[34m    🗂️  /upload:[0m
      Upload: ./uploads
      Autoindex: OFF
[36m
=== End Configuration ===[0m
[32m⚙️  Initialisation du serveur...[0m
[33m🔌 Setting up listening sockets...[0m
[32m✅ Socket listening on 127.0.0.1:8082[0m
[32m🌐 Serveur démarré avec succès![0m
[32m🚀 Server is running... Press Ctrl+C to stop[0m
[36m📥 New connection accepted on fd 4[0m
[34m📨 Handling request from client 4[0m
[36m📋 Raw request (78 bytes):[0m
GET / HTTP/1.1
Host: localhost:8082
User-Agent: curl/7.81.0
Accept: */*


[32m✅ HTTP request parsed successfully[0m
[36m=== 📨 HTTP Request Debug ===[0m
[32mMethod: GET[0m
[32mPath: /[0m
[32mVersion: HTTP/1.1[0m
[33mHeaders:[0m
  accept: */*
  host: localhost:8082
  user-agent: curl/7.81.0
[36m=== End Request ===[0m
[36m🔍 Using server config: localhost (port 8082)[0m
[36m📍 Using location: /[0m
[31m❌ Method GET not allowed for /[0m
[33m⚠️  Error response sent to client 4 (405 Error)[0m
[33m🔌 Connection closed for fd 4[0m
